PIM-centric control plane mode=echo dpus=64 payload=64 messages/group=300 batch=64 poll_us=100
[INFO][10:42:07.002][libr.cpp:22][ctx_find_dev]                                                     IB_DEV_NAME          : mlx5_0
[INFO][10:42:07.009][libr.cpp:160][roce_init]                                                       Transport type       : IBV_TRANSPORT_IB
[INFO][10:42:07.009][libr.cpp:163][roce_init]                                                       Line Layer           : Ethernet
[INFO][10:42:07.009][libr.cpp:167][roce_init]                                                       Max Outreads         : 16
[INFO][10:42:07.009][libr.cpp:168][roce_init]                                                       Max Pkeys            : 128
[INFO][10:42:07.009][libr.cpp:169][roce_init]                                                       Atomic Capacity      : 1
[INFO][10:42:07.009][libr.cpp:174][roce_init]                                                       CUR MTU              : 1024
[INFO][10:42:07.106][devx_mr.cpp:94][devx_create_mkey]                                              create mkey 2096742, pdn:22, umem_id:1, addr:0x7f0500000000, len:536870912, flag:7
[INFO][10:42:07.106][devx_mr.cpp:226][devx_reg_mr]                                                  register mr 0x20383dc0: pd:0x20383cf0, addr:0x7f0500000000, len:536870912, umem_id:1, mkey:2096742
[INFO][10:42:07.106][devx_mr.cpp:47][devx_allow_other_vhca_access]                                  allow_other_vhca_access lkey 2096742
export rank0 base=0x7f0500000000 size=536870912 mkey=2096742

************************************
* Waiting for client to connect... *
************************************
IP address is: 127.0.0.1, binding to port: 6685
[INFO][10:42:26.178][connection_manager.cpp:34][socket_init]                                        connected by 1
[DEBUG][10:42:26.178][connection_manager.cpp:71][exchange_vhca_data]                                exchange vhca data 1 resources
persistent kernels booted with dpu_boot_rank; no async polling job registered
CI ownership handoff host->BF3 ranks=1 groups=4; host entering blocking result wait
rank0 BF3_next_color=0xff host_next_color=0xff
DPU validation checked=64 failed=0
BF3 stats injected=1200 echoed=1200 pattern_errors=0 order_errors=0 dma_reads=234068 dma_writes=119008 read_bytes=16263360 write_bytes=8922112 ci_commands=115408 collision=0 controls=2 rx_wraps=4 tx_wraps=4 elapsed_s=0.676 rtt_p50_us=249128.345 rtt_p99_us=438944.484 poll_p50_us=1884.348 poll_p99_us=5066.265
g_ci_data_ops=0 (steady-state host data-path CI ops)
PIM-centric-control-plane PASS
[INFO][10:42:26.945][devx_mr.cpp:278][devx_dereg_mr]                                                deregister mr 0x20383dc0
