PIM-centric control plane mode=echo dpus=128 payload=64 messages/group=8 batch=4 poll_us=100
[INFO][10:35:36.340][libr.cpp:22][ctx_find_dev]                                                     IB_DEV_NAME          : mlx5_0
[INFO][10:35:36.343][libr.cpp:160][roce_init]                                                       Transport type       : IBV_TRANSPORT_IB
[INFO][10:35:36.344][libr.cpp:163][roce_init]                                                       Line Layer           : Ethernet
[INFO][10:35:36.344][libr.cpp:167][roce_init]                                                       Max Outreads         : 16
[INFO][10:35:36.344][libr.cpp:168][roce_init]                                                       Max Pkeys            : 128
[INFO][10:35:36.344][libr.cpp:169][roce_init]                                                       Atomic Capacity      : 1
[INFO][10:35:36.344][libr.cpp:174][roce_init]                                                       CUR MTU              : 1024
[INFO][10:35:36.433][devx_mr.cpp:94][devx_create_mkey]                                              create mkey 2096742, pdn:22, umem_id:1, addr:0x7f5740000000, len:536870912, flag:7
[INFO][10:35:36.433][devx_mr.cpp:226][devx_reg_mr]                                                  register mr 0x28fb2f20: pd:0x28fb2e90, addr:0x7f5740000000, len:536870912, umem_id:1, mkey:2096742
[INFO][10:35:36.434][devx_mr.cpp:47][devx_allow_other_vhca_access]                                  allow_other_vhca_access lkey 2096742
export rank0 base=0x7f5740000000 size=536870912 mkey=2096742
[INFO][10:35:36.525][devx_mr.cpp:94][devx_create_mkey]                                              create mkey 2096998, pdn:22, umem_id:2, addr:0x7f5980000000, len:536870912, flag:7
[INFO][10:35:36.525][devx_mr.cpp:226][devx_reg_mr]                                                  register mr 0x28fb2ff0: pd:0x28fb2e90, addr:0x7f5980000000, len:536870912, umem_id:2, mkey:2096998
[INFO][10:35:36.525][devx_mr.cpp:47][devx_allow_other_vhca_access]                                  allow_other_vhca_access lkey 2096998
export rank1 base=0x7f5980000000 size=536870912 mkey=2096998

************************************
* Waiting for client to connect... *
************************************
IP address is: 127.0.0.1, binding to port: 6684
[INFO][10:35:53.853][connection_manager.cpp:34][socket_init]                                        connected by 1
[DEBUG][10:35:53.853][connection_manager.cpp:71][exchange_vhca_data]                                exchange vhca data 2 resources
persistent kernels booted with dpu_boot_rank; no async polling job registered
CI ownership handoff host->BF3 ranks=2 groups=8; host entering blocking result wait
rank0 BF3_next_color=0xff host_next_color=0xff
rank1 BF3_next_color=0xff host_next_color=0xff
DPU validation checked=128 failed=0
BF3 stats injected=64 echoed=64 pattern_errors=0 order_errors=0 dma_reads=6497 dma_writes=3360 read_bytes=483392 write_bytes=284672 ci_commands=3168 collision=0 elapsed_s=0.018 rtt_p50_us=5555.163 rtt_p99_us=9892.369 poll_p50_us=4371.341 poll_p99_us=5787.694
g_ci_data_ops=0 (steady-state host data-path CI ops)
PIM-centric-control-plane PASS
[INFO][10:35:53.969][devx_mr.cpp:278][devx_dereg_mr]                                                deregister mr 0x28fb2f20
[INFO][10:35:53.983][devx_mr.cpp:278][devx_dereg_mr]                                                deregister mr 0x28fb2ff0
