cxz@192.168.100.2's password: 
[INFO][21:07:34.985][libr.cpp:103][init_net_param]                                                  NetParam.numNodes    : 2
[INFO][21:07:34.985][libr.cpp:104][init_net_param]                                                  NetParam.nodeId      : 1
[INFO][21:07:34.985][libr.cpp:105][init_net_param]                                                  NetParam.serverIp    : 192.168.100.1
[DEBUG][21:07:35.992][connection_manager.cpp:70][exchange_vhca_data]                                exchange vhca data 2 resources
[INFO][21:07:35.996][libr.cpp:22][ctx_find_dev]                                                     IB_DEV_NAME          : mlx5_2
[INFO][21:07:36.000][libr.cpp:152][roce_init]                                                       Use devx context 0

[INFO][21:07:36.000][libr.cpp:160][roce_init]                                                       Transport type       : IBV_TRANSPORT_IB
[INFO][21:07:36.001][libr.cpp:163][roce_init]                                                       Line Layer           : Ethernet
[INFO][21:07:36.001][libr.cpp:167][roce_init]                                                       Max Outreads         : 16
[INFO][21:07:36.001][libr.cpp:168][roce_init]                                                       Max Pkeys            : 128
[INFO][21:07:36.001][libr.cpp:169][roce_init]                                                       Atomic Capacity      : 1
[INFO][21:07:36.001][libr.cpp:174][roce_init]                                                       CUR MTU              : 1024
[INFO][21:07:36.001][devx_mr.cpp:131][devx_create_alias_memory_region]                              create_alias_memory_region mkey 341504, pdn:20
[INFO][21:07:36.001][devx_mr.cpp:315][devx_create_crossing_mr]                                      create crossing mr 0xaaaae778abe0: pd:0xaaaae778ab30, addr:0x7f4d00000000, len:536870912, vhca_id:0, other_mkey:2096742, mkey:341504
[INFO][21:07:36.001][devx_mr.cpp:131][devx_create_alias_memory_region]                              create_alias_memory_region mkey 342016, pdn:20
[INFO][21:07:36.001][devx_mr.cpp:315][devx_create_crossing_mr]                                      create crossing mr 0xaaaae778ac80: pd:0xaaaae778ab30, addr:0x7f4f40000000, len:536870912, vhca_id:0, other_mkey:2096998, mkey:342016
PIMNIC BF3 PASS status=0 injected=1024 echoed=1024 CI=74688 DMA-R=152460 DMA-W=77760 collision=0 elapsed_s=0.893
[INFO][21:07:36.959][devx_mr.cpp:278][devx_dereg_mr]                                                deregister mr 0xaaaae778abe0
[INFO][21:07:36.959][devx_mr.cpp:278][devx_dereg_mr]                                                deregister mr 0xaaaae778ac80
