[INFO][14:20:16.462][libr.cpp:22][ctx_find_dev]                                                     IB_DEV_NAME          : mlx5_0
[INFO][14:20:16.466][libr.cpp:160][roce_init]                                                       Transport type       : IBV_TRANSPORT_IB
[INFO][14:20:16.466][libr.cpp:163][roce_init]                                                       Line Layer           : Ethernet
[INFO][14:20:16.466][libr.cpp:167][roce_init]                                                       Max Outreads         : 16
[INFO][14:20:16.466][libr.cpp:168][roce_init]                                                       Max Pkeys            : 128
[INFO][14:20:16.466][libr.cpp:169][roce_init]                                                       Atomic Capacity      : 1
[INFO][14:20:16.466][libr.cpp:174][roce_init]                                                       CUR MTU              : 1024
[INFO][14:20:16.560][devx_mr.cpp:94][devx_create_mkey]                                              create mkey 2096742, pdn:22, umem_id:1, addr:0x7f4d00000000, len:536870912, flag:7
[INFO][14:20:16.560][devx_mr.cpp:226][devx_reg_mr]                                                  register mr 0x2cf44520: pd:0x2cf44450, addr:0x7f4d00000000, len:536870912, umem_id:1, mkey:2096742
[INFO][14:20:16.560][devx_mr.cpp:47][devx_allow_other_vhca_access]                                  allow_other_vhca_access lkey 2096742
[INFO][14:20:16.653][devx_mr.cpp:94][devx_create_mkey]                                              create mkey 2096998, pdn:22, umem_id:2, addr:0x7f4f40000000, len:536870912, flag:7
[INFO][14:20:16.653][devx_mr.cpp:226][devx_reg_mr]                                                  register mr 0x2cf445f0: pd:0x2cf44450, addr:0x7f4f40000000, len:536870912, umem_id:2, mkey:2096998
[INFO][14:20:16.653][devx_mr.cpp:47][devx_allow_other_vhca_access]                                  allow_other_vhca_access lkey 2096998

************************************
* Waiting for client to connect... *
************************************
IP address is: 127.0.0.1, binding to port: 7285
[INFO][14:20:18.087][connection_manager.cpp:34][socket_init]                                        connected by 1
[DEBUG][14:20:18.087][connection_manager.cpp:71][exchange_vhca_data]                                exchange vhca data 2 resources
PIMNIC runtime host PASS status=0 failed_pes=0 injected=1024 echoed=1024 ci=74688 dma_r=152460 dma_w=77760 elapsed_s=0.893
[INFO][14:20:19.070][devx_mr.cpp:278][devx_dereg_mr]                                                deregister mr 0x2cf44520
[INFO][14:20:19.086][devx_mr.cpp:278][devx_dereg_mr]                                                deregister mr 0x2cf445f0
