[INFO][12:40:51.634][libr.cpp:103][init_net_param]                                                  NetParam.numNodes    : 2
[INFO][12:40:51.634][libr.cpp:104][init_net_param]                                                  NetParam.nodeId      : 0
[INFO][12:40:51.634][libr.cpp:105][init_net_param]                                                  NetParam.serverIp    : 127.0.0.1
socket port: 7520

************************************
* Waiting for client to connect... *
************************************
[INFO][12:40:54.634][connection_manager.cpp:40][socket_init]                                        connected by 1
[INFO][12:40:54.634][libr.cpp:22][ctx_find_dev]                                                     IB_DEV_NAME          : mlx5_0
[INFO][12:40:54.660][libr.cpp:160][roce_init]                                                       Transport type       : IBV_TRANSPORT_IB
[INFO][12:40:54.660][libr.cpp:163][roce_init]                                                       Line Layer           : Ethernet
[INFO][12:40:54.660][libr.cpp:167][roce_init]                                                       Max Outreads         : 16
[INFO][12:40:54.660][libr.cpp:168][roce_init]                                                       Max Pkeys            : 128
[INFO][12:40:54.660][libr.cpp:169][roce_init]                                                       Atomic Capacity      : 1
[INFO][12:40:54.660][libr.cpp:174][roce_init]                                                       CUR MTU              : 1024
[INFO][12:40:54.660][select_pim_ref.cpp:326][benchmark]                                             HardwareConcurrency  : 64
BUF_SIZE: 67108864
[INFO][12:40:54.660][select_pim_ref.cpp:336][benchmark]                                             OPS : [3]
[DEBUG][12:40:54.776][connection_manager.cpp:80][exchange_data]                                     exchange data size:56
[DEBUG][12:40:54.777][libr.cpp:546][connect_qp_rc]                                                  Connected success, local QPN:0x0113, remote QPN:0x000112
Connected QPs successfully.
Server thread started.
V2REF dumped 32000 hits to /home/pimnic/ziyu/dpu-backend/work/pimnic_library_completion_20260804/logs/v2_select/select_ref.bin
Server thread finished.
RDMA read time: 114.598us
DPU input transfer time: 1843.57us
DPU execution time: 357.619us
DPU output transfer time: 660.252us
DPU copy time: 29483.4us
RDMA write time: 1057.69us
