PIM-centric control plane mode=echo dpus=64 payload=1024 messages/group=64 batch=16 poll_us=10
[INFO][05:02:21.146][libr.cpp:22][ctx_find_dev]                                                     IB_DEV_NAME          : mlx5_0
[INFO][05:02:21.149][libr.cpp:160][roce_init]                                                       Transport type       : IBV_TRANSPORT_IB
[INFO][05:02:21.149][libr.cpp:163][roce_init]                                                       Line Layer           : Ethernet
[INFO][05:02:21.149][libr.cpp:167][roce_init]                                                       Max Outreads         : 16
[INFO][05:02:21.149][libr.cpp:168][roce_init]                                                       Max Pkeys            : 128
[INFO][05:02:21.149][libr.cpp:169][roce_init]                                                       Atomic Capacity      : 1
[INFO][05:02:21.149][libr.cpp:174][roce_init]                                                       CUR MTU              : 1024
[INFO][05:02:21.234][devx_mr.cpp:94][devx_create_mkey]                                              create mkey 2096742, pdn:22, umem_id:1, addr:0x7ff540000000, len:536870912, flag:7
[INFO][05:02:21.234][devx_mr.cpp:226][devx_reg_mr]                                                  register mr 0x1645ad70: pd:0x1645acd0, addr:0x7ff540000000, len:536870912, umem_id:1, mkey:2096742
[INFO][05:02:21.234][devx_mr.cpp:47][devx_allow_other_vhca_access]                                  allow_other_vhca_access lkey 2096742
export rank0 base=0x7ff540000000 size=536870912 mkey=2096742

************************************
* Waiting for client to connect... *
************************************
IP address is: 127.0.0.1, binding to port: 6901
[INFO][05:02:26.398][connection_manager.cpp:34][socket_init]                                        connected by 1
[DEBUG][05:02:26.398][connection_manager.cpp:71][exchange_vhca_data]                                exchange vhca data 1 resources
persistent kernels booted with dpu_boot_rank; no async polling job registered
CI ownership handoff host->BF3 ranks=1 groups=4; host entering blocking result wait
rank0 BF3_next_color=0xff host_next_color=0xff
DPU validation checked=64 failed=0
BF3 stats injected=256 echoed=256 pattern_errors=0 order_errors=0 dma_reads=38596 dma_writes=19680 read_bytes=6681088 write_bytes=5470208 ci_commands=18912 collision=0 controls=0 rx_wraps=0 tx_wraps=0 elapsed_s=0.221 rtt_p50_us=106789.848 rtt_p99_us=158896.207 poll_p50_us=2496.094 poll_p99_us=17301.139
g_ci_data_ops=0 (steady-state host data-path CI ops)
PIM-centric-control-plane PASS
[INFO][05:02:26.705][devx_mr.cpp:278][devx_dereg_mr]                                                deregister mr 0x1645ad70
