cxz@192.168.100.2's password: 
PIMNIC dbg channel read remote=0x7f9580008480 bytes=128 base=0x7f9480000000 span=536870912 max=65536
PIMNIC dbg transfer group=0 read rc=-22 remote=0x7f9580008480 bytes=128 offset=33556552
PIMNIC dbg refresh group=0 read_u64 rc=-22 pe_pub_offset=33556552
PIMNIC dbg fleet window rank=0 family=0 rc=-22
PIMNIC scheduler failed rc=-22 status=5
[INFO][19:09:10.599][libr.cpp:103][init_net_param]                                                  NetParam.numNodes    : 2
[INFO][19:09:10.599][libr.cpp:104][init_net_param]                                                  NetParam.nodeId      : 1
[INFO][19:09:10.599][libr.cpp:105][init_net_param]                                                  NetParam.serverIp    : 192.168.100.1
[DEBUG][19:09:11.612][connection_manager.cpp:70][exchange_vhca_data]                                exchange vhca data 1 resources
[INFO][19:09:11.616][libr.cpp:22][ctx_find_dev]                                                     IB_DEV_NAME          : mlx5_2
[INFO][19:09:11.620][libr.cpp:152][roce_init]                                                       Use devx context 0

[INFO][19:09:11.620][libr.cpp:160][roce_init]                                                       Transport type       : IBV_TRANSPORT_IB
[INFO][19:09:11.621][libr.cpp:163][roce_init]                                                       Line Layer           : Ethernet
[INFO][19:09:11.621][libr.cpp:167][roce_init]                                                       Max Outreads         : 16
[INFO][19:09:11.621][libr.cpp:168][roce_init]                                                       Max Pkeys            : 128
[INFO][19:09:11.621][libr.cpp:169][roce_init]                                                       Atomic Capacity      : 1
[INFO][19:09:11.621][libr.cpp:174][roce_init]                                                       CUR MTU              : 1024
[INFO][19:09:11.621][devx_mr.cpp:131][devx_create_alias_memory_region]                              create_alias_memory_region mkey 341504, pdn:20
[INFO][19:09:11.621][devx_mr.cpp:315][devx_create_crossing_mr]                                      create crossing mr 0xaaab0234aaf0: pd:0xaaab0234aa40, addr:0x7f9480000000, len:536870912, vhca_id:0, other_mkey:2096742, mkey:341504
PIMNIC BF3 FAIL status=5 injected=0 echoed=0 CI=336 DMA-R=672 DMA-W=336 collision=0 elapsed_s=0.001
[INFO][19:09:11.682][devx_mr.cpp:278][devx_dereg_mr]                                                deregister mr 0xaaab0234aaf0
