cxz@192.168.100.2's password: 
collective route id=1 line=0 routed=1/1
collective inject id=1 group=3 pending=48 routed=1
collective inject id=1 group=0 pending=32 routed=1
collective inject id=1 group=1 pending=16 routed=1
collective inject id=1 group=2 pending=0 routed=1
collective route id=1 line=0 routed=1/1
collective inject id=1 group=2 pending=48 routed=1
collective inject id=1 group=3 pending=32 routed=1
collective inject id=1 group=0 pending=16 routed=1
collective inject id=1 group=1 pending=0 routed=1
collective route id=1 line=0 routed=1/1
collective inject id=1 group=1 pending=48 routed=1
collective inject id=1 group=2 pending=32 routed=1
collective inject id=1 group=3 pending=16 routed=1
collective inject id=1 group=0 pending=0 routed=1
PIMNIC scheduler failed rc=-110 status=7
[INFO][20:05:14.607][libr.cpp:103][init_net_param]                                                  NetParam.numNodes    : 2
[INFO][20:05:14.607][libr.cpp:104][init_net_param]                                                  NetParam.nodeId      : 1
[INFO][20:05:14.607][libr.cpp:105][init_net_param]                                                  NetParam.serverIp    : 192.168.100.1
[DEBUG][20:05:15.616][connection_manager.cpp:70][exchange_vhca_data]                                exchange vhca data 1 resources
[INFO][20:05:15.620][libr.cpp:22][ctx_find_dev]                                                     IB_DEV_NAME          : mlx5_2
[INFO][20:05:15.624][libr.cpp:152][roce_init]                                                       Use devx context 0

[INFO][20:05:15.624][libr.cpp:160][roce_init]                                                       Transport type       : IBV_TRANSPORT_IB
[INFO][20:05:15.625][libr.cpp:163][roce_init]                                                       Line Layer           : Ethernet
[INFO][20:05:15.625][libr.cpp:167][roce_init]                                                       Max Outreads         : 16
[INFO][20:05:15.625][libr.cpp:168][roce_init]                                                       Max Pkeys            : 128
[INFO][20:05:15.625][libr.cpp:169][roce_init]                                                       Atomic Capacity      : 1
[INFO][20:05:15.625][libr.cpp:174][roce_init]                                                       CUR MTU              : 1024
[INFO][20:05:15.625][devx_mr.cpp:131][devx_create_alias_memory_region]                              create_alias_memory_region mkey 341504, pdn:20
[INFO][20:05:15.625][devx_mr.cpp:315][devx_create_crossing_mr]                                      create crossing mr 0xaaab04d288f0: pd:0xaaab04d28840, addr:0x7f2980000000, len:536870912, vhca_id:0, other_mkey:2096742, mkey:341504
PIMNIC BF3 FAIL status=7 injected=0 echoed=0 CI=1836768 DMA-R=3699125 DMA-W=1836804 collision=0 elapsed_s=10.012
[INFO][20:05:25.697][devx_mr.cpp:278][devx_dereg_mr]                                                deregister mr 0xaaab04d288f0
