[INFO][05:40:50.735][libr.cpp:22][ctx_find_dev]                                                     IB_DEV_NAME          : mlx5_0
[INFO][05:40:50.739][libr.cpp:160][roce_init]                                                       Transport type       : IBV_TRANSPORT_IB
[INFO][05:40:50.739][libr.cpp:163][roce_init]                                                       Line Layer           : Ethernet
[INFO][05:40:50.739][libr.cpp:167][roce_init]                                                       Max Outreads         : 16
[INFO][05:40:50.739][libr.cpp:168][roce_init]                                                       Max Pkeys            : 128
[INFO][05:40:50.739][libr.cpp:169][roce_init]                                                       Atomic Capacity      : 1
[INFO][05:40:50.739][libr.cpp:174][roce_init]                                                       CUR MTU              : 1024
[INFO][05:40:50.829][devx_mr.cpp:94][devx_create_mkey]                                              create mkey 2096742, pdn:22, umem_id:1, addr:0x7ff080000000, len:536870912, flag:7
[INFO][05:40:50.829][devx_mr.cpp:226][devx_reg_mr]                                                  register mr 0x733ac50: pd:0x733ab80, addr:0x7ff080000000, len:536870912, umem_id:1, mkey:2096742
[INFO][05:40:50.829][devx_mr.cpp:47][devx_allow_other_vhca_access]                                  allow_other_vhca_access lkey 2096742
[INFO][05:40:50.924][devx_mr.cpp:94][devx_create_mkey]                                              create mkey 2096998, pdn:22, umem_id:2, addr:0x7ff2c0000000, len:536870912, flag:7
[INFO][05:40:50.924][devx_mr.cpp:226][devx_reg_mr]                                                  register mr 0x733ad20: pd:0x733ab80, addr:0x7ff2c0000000, len:536870912, umem_id:2, mkey:2096998
[INFO][05:40:50.924][devx_mr.cpp:47][devx_allow_other_vhca_access]                                  allow_other_vhca_access lkey 2096998

************************************
* Waiting for client to connect... *
************************************
IP address is: 127.0.0.1, binding to port: 7275
[INFO][05:40:53.188][connection_manager.cpp:34][socket_init]                                        connected by 1
[DEBUG][05:40:53.188][connection_manager.cpp:71][exchange_vhca_data]                                exchange vhca data 2 resources
PIMNIC runtime host PASS status=0 failed_pes=0 injected=800000 echoed=800000 ci=57600960 dma_r=117602127 dma_w=60000960 elapsed_s=864.850
[INFO][05:55:18.429][devx_mr.cpp:278][devx_dereg_mr]                                                deregister mr 0x733ac50
[INFO][05:55:18.451][devx_mr.cpp:278][devx_dereg_mr]                                                deregister mr 0x733ad20
