[INFO][12:40:56.949][libr.cpp:103][init_net_param]                                                  NetParam.numNodes    : 2
[INFO][12:40:56.949][libr.cpp:104][init_net_param]                                                  NetParam.nodeId      : 0
[INFO][12:40:56.949][libr.cpp:105][init_net_param]                                                  NetParam.serverIp    : 127.0.0.1
socket port: 7510

************************************
* Waiting for client to connect... *
************************************
[INFO][12:40:59.952][connection_manager.cpp:40][socket_init]                                        connected by 1
[INFO][12:40:59.952][libr.cpp:22][ctx_find_dev]                                                     IB_DEV_NAME          : mlx5_0
[INFO][12:40:59.960][libr.cpp:160][roce_init]                                                       Transport type       : IBV_TRANSPORT_IB
[INFO][12:40:59.960][libr.cpp:163][roce_init]                                                       Line Layer           : Ethernet
[INFO][12:40:59.960][libr.cpp:167][roce_init]                                                       Max Outreads         : 16
[INFO][12:40:59.960][libr.cpp:168][roce_init]                                                       Max Pkeys            : 128
[INFO][12:40:59.961][libr.cpp:169][roce_init]                                                       Atomic Capacity      : 1
[INFO][12:40:59.961][libr.cpp:174][roce_init]                                                       CUR MTU              : 1024
[INFO][12:40:59.961][kvstore_pim_multidpu_ref.cpp:415][benchmark]                                   HardwareConcurrency  : 64
BUF_SIZE: 34869248
[INFO][12:40:59.961][kvstore_pim_multidpu_ref.cpp:432][benchmark]                                   OPS : [4096]
[DEBUG][12:41:00.030][connection_manager.cpp:80][exchange_data]                                     exchange data size:56
[DEBUG][12:41:00.046][libr.cpp:546][connect_qp_rc]                                                  Connected success, local QPN:0x0114, remote QPN:0x000115
Connected QPs successfully.
Server thread started.
Server thread started.
send message to client
V2REF dumped 4096 (key,value) pairs to /home/pimnic/ziyu/dpu-backend/work/pimnic_library_completion_20260804/logs/v2_kvstore/kvstore_ref.bin
