[INFO][12:40:58.951][libr.cpp:103][init_net_param]                                                  NetParam.numNodes    : 2
[INFO][12:40:58.951][libr.cpp:104][init_net_param]                                                  NetParam.nodeId      : 1
[INFO][12:40:58.951][libr.cpp:105][init_net_param]                                                  NetParam.serverIp    : 127.0.0.1
socket port: 7510
[INFO][12:40:59.952][libr.cpp:22][ctx_find_dev]                                                     IB_DEV_NAME          : mlx5_0
[INFO][12:40:59.976][libr.cpp:160][roce_init]                                                       Transport type       : IBV_TRANSPORT_IB
[INFO][12:40:59.976][libr.cpp:163][roce_init]                                                       Line Layer           : Ethernet
[INFO][12:40:59.976][libr.cpp:167][roce_init]                                                       Max Outreads         : 16
[INFO][12:40:59.976][libr.cpp:168][roce_init]                                                       Max Pkeys            : 128
[INFO][12:40:59.976][libr.cpp:169][roce_init]                                                       Atomic Capacity      : 1
[INFO][12:40:59.976][libr.cpp:174][roce_init]                                                       CUR MTU              : 1024
[INFO][12:40:59.976][kvstore_pim_multidpu_ref.cpp:415][benchmark]                                   HardwareConcurrency  : 64
BUF_SIZE: 34869248
[INFO][12:40:59.976][kvstore_pim_multidpu_ref.cpp:432][benchmark]                                   OPS : [4096]
[DEBUG][12:41:00.046][connection_manager.cpp:80][exchange_data]                                     exchange data size:56
[DEBUG][12:41:00.046][libr.cpp:546][connect_qp_rc]                                                  Connected success, local QPN:0x0115, remote QPN:0x000114
Connected QPs successfully.
Client thread started.
receive message from server
All key-value pairs verified successfully.
duration 1: 2.23906us
duration 2: 24.632us
duration 3: 1.04464us
duration 4: 2102.95us
duration 5: 10.327us
total duration: 2130.86us
